Archive member included to satisfy reference by file (symbol)

/opt/gcc-arm-none-eabi/bin/../lib/gcc/arm-none-eabi/10.3.1/thumb/v7e-m/nofp/libgcc.a(_aeabi_uldivmod.o)
                              CMakeFiles/IAPAPP.elf.dir/Drivers/STM32F4xx_HAL_Driver/Src/stm32f4xx_hal_rcc.c.obj (__aeabi_uldivmod)
/opt/gcc-arm-none-eabi/bin/../lib/gcc/arm-none-eabi/10.3.1/thumb/v7e-m/nofp/libgcc.a(_udivmoddi4.o)
                              /opt/gcc-arm-none-eabi/bin/../lib/gcc/arm-none-eabi/10.3.1/thumb/v7e-m/nofp/libgcc.a(_aeabi_uldivmod.o) (__udivmoddi4)
/opt/gcc-arm-none-eabi/bin/../lib/gcc/arm-none-eabi/10.3.1/thumb/v7e-m/nofp/libgcc.a(_dvmd_tls.o)
                              /opt/gcc-arm-none-eabi/bin/../lib/gcc/arm-none-eabi/10.3.1/thumb/v7e-m/nofp/libgcc.a(_aeabi_uldivmod.o) (__aeabi_ldiv0)
/opt/gcc-arm-none-eabi/bin/../lib/gcc/arm-none-eabi/10.3.1/../../../../arm-none-eabi/lib/thumb/v7e-m/nofp/libg.a(lib_a-errno.o)
                              CMakeFiles/IAPAPP.elf.dir/Core/Src/syscalls.c.obj (__errno)
/opt/gcc-arm-none-eabi/bin/../lib/gcc/arm-none-eabi/10.3.1/../../../../arm-none-eabi/lib/thumb/v7e-m/nofp/libg.a(lib_a-exit.o)
                              /opt/gcc-arm-none-eabi/bin/../lib/gcc/arm-none-eabi/10.3.1/../../../../arm-none-eabi/lib/thumb/v7e-m/nofp/crt0.o (exit)
/opt/gcc-arm-none-eabi/bin/../lib/gcc/arm-none-eabi/10.3.1/../../../../arm-none-eabi/lib/thumb/v7e-m/nofp/libg.a(lib_a-impure.o)
                              /opt/gcc-arm-none-eabi/bin/../lib/gcc/arm-none-eabi/10.3.1/../../../../arm-none-eabi/lib/thumb/v7e-m/nofp/libg.a(lib_a-exit.o) (_global_impure_ptr)
/opt/gcc-arm-none-eabi/bin/../lib/gcc/arm-none-eabi/10.3.1/../../../../arm-none-eabi/lib/thumb/v7e-m/nofp/libg.a(lib_a-init.o)
                              /opt/gcc-arm-none-eabi/bin/../lib/gcc/arm-none-eabi/10.3.1/../../../../arm-none-eabi/lib/thumb/v7e-m/nofp/crt0.o (__libc_init_array)
/opt/gcc-arm-none-eabi/bin/../lib/gcc/arm-none-eabi/10.3.1/../../../../arm-none-eabi/lib/thumb/v7e-m/nofp/libg.a(lib_a-memset.o)
                              /opt/gcc-arm-none-eabi/bin/../lib/gcc/arm-none-eabi/10.3.1/../../../../arm-none-eabi/lib/thumb/v7e-m/nofp/crt0.o (memset)
/opt/gcc-arm-none-eabi/bin/../lib/gcc/arm-none-eabi/10.3.1/../../../../arm-none-eabi/lib/thumb/v7e-m/nofp/libg.a(lib_a-__call_atexit.o)
                              /opt/gcc-arm-none-eabi/bin/../lib/gcc/arm-none-eabi/10.3.1/../../../../arm-none-eabi/lib/thumb/v7e-m/nofp/libg.a(lib_a-exit.o) (__call_exitprocs)
/opt/gcc-arm-none-eabi/bin/../lib/gcc/arm-none-eabi/10.3.1/../../../../arm-none-eabi/lib/thumb/v7e-m/nofp/libg.a(lib_a-atexit.o)
                              /opt/gcc-arm-none-eabi/bin/../lib/gcc/arm-none-eabi/10.3.1/../../../../arm-none-eabi/lib/thumb/v7e-m/nofp/libg.a(lib_a-__call_atexit.o) (atexit)
/opt/gcc-arm-none-eabi/bin/../lib/gcc/arm-none-eabi/10.3.1/../../../../arm-none-eabi/lib/thumb/v7e-m/nofp/libg.a(lib_a-fini.o)
                              /opt/gcc-arm-none-eabi/bin/../lib/gcc/arm-none-eabi/10.3.1/../../../../arm-none-eabi/lib/thumb/v7e-m/nofp/libg.a(lib_a-__call_atexit.o) (__libc_fini_array)
/opt/gcc-arm-none-eabi/bin/../lib/gcc/arm-none-eabi/10.3.1/../../../../arm-none-eabi/lib/thumb/v7e-m/nofp/libg.a(lib_a-lock.o)
                              /opt/gcc-arm-none-eabi/bin/../lib/gcc/arm-none-eabi/10.3.1/../../../../arm-none-eabi/lib/thumb/v7e-m/nofp/libg.a(lib_a-__call_atexit.o) (__retarget_lock_acquire_recursive)
/opt/gcc-arm-none-eabi/bin/../lib/gcc/arm-none-eabi/10.3.1/../../../../arm-none-eabi/lib/thumb/v7e-m/nofp/libg.a(lib_a-__atexit.o)
                              /opt/gcc-arm-none-eabi/bin/../lib/gcc/arm-none-eabi/10.3.1/../../../../arm-none-eabi/lib/thumb/v7e-m/nofp/libg.a(lib_a-atexit.o) (__register_exitproc)

Discarded input sections

 .text          0x0000000000000000        0x0 /opt/gcc-arm-none-eabi/bin/../lib/gcc/arm-none-eabi/10.3.1/thumb/v7e-m/nofp/crti.o
 .data          0x0000000000000000        0x0 /opt/gcc-arm-none-eabi/bin/../lib/gcc/arm-none-eabi/10.3.1/thumb/v7e-m/nofp/crti.o
 .bss           0x0000000000000000        0x0 /opt/gcc-arm-none-eabi/bin/../lib/gcc/arm-none-eabi/10.3.1/thumb/v7e-m/nofp/crti.o
 .data          0x0000000000000000        0x4 /opt/gcc-arm-none-eabi/bin/../lib/gcc/arm-none-eabi/10.3.1/thumb/v7e-m/nofp/crtbegin.o
 .rodata        0x0000000000000000       0x24 /opt/gcc-arm-none-eabi/bin/../lib/gcc/arm-none-eabi/10.3.1/thumb/v7e-m/nofp/crtbegin.o
 .text          0x0000000000000000       0x7c /opt/gcc-arm-none-eabi/bin/../lib/gcc/arm-none-eabi/10.3.1/../../../../arm-none-eabi/lib/thumb/v7e-m/nofp/crt0.o
 .data          0x0000000000000000        0x0 /opt/gcc-arm-none-eabi/bin/../lib/gcc/arm-none-eabi/10.3.1/../../../../arm-none-eabi/lib/thumb/v7e-m/nofp/crt0.o
 .bss           0x0000000000000000        0x0 /opt/gcc-arm-none-eabi/bin/../lib/gcc/arm-none-eabi/10.3.1/../../../../arm-none-eabi/lib/thumb/v7e-m/nofp/crt0.o
[...]
Memory Configuration

Name             Origin             Length             Attributes
CCMRAM           0x0000000010000000 0x0000000000010000 xrw
RAM              0x0000000020000000 0x0000000000030000 xrw
FLASH            0x0000000008010000 0x00000000000f0000 xr
*default*        0x0000000000000000 0xffffffffffffffff

Linker script and memory map

LOAD /opt/gcc-arm-none-eabi/bin/../lib/gcc/arm-none-eabi/10.3.1/thumb/v7e-m/nofp/crti.o
LOAD /opt/gcc-arm-none-eabi/bin/../lib/gcc/arm-none-eabi/10.3.1/thumb/v7e-m/nofp/crtbegin.o
LOAD /opt/gcc-arm-none-eabi/bin/../lib/gcc/arm-none-eabi/10.3.1/../../../../arm-none-eabi/lib/thumb/v7e-m/nofp/crt0.o
LOAD CMakeFiles/IAPAPP.elf.dir/Core/Src/gpio.c.obj
LOAD CMakeFiles/IAPAPP.elf.dir/Core/Src/main.c.obj
LOAD CMakeFiles/IAPAPP.elf.dir/Core/Src/stm32f4xx_hal_msp.c.obj
LOAD CMakeFiles/IAPAPP.elf.dir/Core/Src/stm32f4xx_it.c.obj
LOAD CMakeFiles/IAPAPP.elf.dir/Core/Src/syscalls.c.obj
LOAD CMakeFiles/IAPAPP.elf.dir/Core/Src/sysmem.c.obj
LOAD CMakeFiles/IAPAPP.elf.dir/Core/Src/system_stm32f4xx.c.obj
LOAD CMakeFiles/IAPAPP.elf.dir/Core/Startup/startup_stm32f429igtx.s.obj
LOAD CMakeFiles/IAPAPP.elf.dir/Drivers/STM32F4xx_HAL_Driver/Src/stm32f4xx_hal.c.obj
LOAD CMakeFiles/IAPAPP.elf.dir/Drivers/STM32F4xx_HAL_Driver/Src/stm32f4xx_hal_cortex.c.obj
LOAD CMakeFiles/IAPAPP.elf.dir/Drivers/STM32F4xx_HAL_Driver/Src/stm32f4xx_hal_dma.c.obj
LOAD CMakeFiles/IAPAPP.elf.dir/Drivers/STM32F4xx_HAL_Driver/Src/stm32f4xx_hal_dma_ex.c.obj
LOAD CMakeFiles/IAPAPP.elf.dir/Drivers/STM32F4xx_HAL_Driver/Src/stm32f4xx_hal_exti.c.obj
LOAD CMakeFiles/IAPAPP.elf.dir/Drivers/STM32F4xx_HAL_Driver/Src/stm32f4xx_hal_flash.c.obj
LOAD CMakeFiles/IAPAPP.elf.dir/Drivers/STM32F4xx_HAL_Driver/Src/stm32f4xx_hal_flash_ex.c.obj
LOAD CMakeFiles/IAPAPP.elf.dir/Drivers/STM32F4xx_HAL_Driver/Src/stm32f4xx_hal_flash_ramfunc.c.obj
LOAD CMakeFiles/IAPAPP.elf.dir/Drivers/STM32F4xx_HAL_Driver/Src/stm32f4xx_hal_gpio.c.obj
LOAD CMakeFiles/IAPAPP.elf.dir/Drivers/STM32F4xx_HAL_Driver/Src/stm32f4xx_hal_pwr.c.obj
LOAD CMakeFiles/IAPAPP.elf.dir/Drivers/STM32F4xx_HAL_Driver/Src/stm32f4xx_hal_pwr_ex.c.obj
LOAD CMakeFiles/IAPAPP.elf.dir/Drivers/STM32F4xx_HAL_Driver/Src/stm32f4xx_hal_rcc.c.obj
LOAD CMakeFiles/IAPAPP.elf.dir/Drivers/STM32F4xx_HAL_Driver/Src/stm32f4xx_hal_rcc_ex.c.obj
LOAD CMakeFiles/IAPAPP.elf.dir/Drivers/STM32F4xx_HAL_Driver/Src/stm32f4xx_hal_tim.c.obj
LOAD CMakeFiles/IAPAPP.elf.dir/Drivers/STM32F4xx_HAL_Driver/Src/stm32f4xx_hal_tim_ex.c.obj
START GROUP
LOAD /opt/gcc-arm-none-eabi/bin/../lib/gcc/arm-none-eabi/10.3.1/thumb/v7e-m/nofp/libgcc.a
LOAD /opt/gcc-arm-none-eabi/bin/../lib/gcc/arm-none-eabi/10.3.1/../../../../arm-none-eabi/lib/thumb/v7e-m/nofp/libg.a
LOAD /opt/gcc-arm-none-eabi/bin/../lib/gcc/arm-none-eabi/10.3.1/../../../../arm-none-eabi/lib/thumb/v7e-m/nofp/libc.a
END GROUP
LOAD /opt/gcc-arm-none-eabi/bin/../lib/gcc/arm-none-eabi/10.3.1/thumb/v7e-m/nofp/crtend.o
LOAD /opt/gcc-arm-none-eabi/bin/../lib/gcc/arm-none-eabi/10.3.1/thumb/v7e-m/nofp/crtn.o
                0x0000000020030000                _estack = (ORIGIN (RAM) + LENGTH (RAM))
                0x0000000000000200                _Min_Heap_Size = 0x200
                0x0000000000000400                _Min_Stack_Size = 0x400

.isr_vector     0x0000000008010000      0x1ac
                0x0000000008010000                . = ALIGN (0x4)
 *(.isr_vector)
 .isr_vector    0x0000000008010000      0x1ac CMakeFiles/IAPAPP.elf.dir/Core/Startup/startup_stm32f429igtx.s.obj
                0x0000000008010000                g_pfnVectors
                0x00000000080101ac                . = ALIGN (0x4)

.text           0x00000000080101ac     0x1168
                0x00000000080101ac                . = ALIGN (0x4)
 *(.text)
 .text          0x00000000080101ac       0x40 /opt/gcc-arm-none-eabi/bin/../lib/gcc/arm-none-eabi/10.3.1/thumb/v7e-m/nofp/crtbegin.o
 .text          0x00000000080101ec       0x30 /opt/gcc-arm-none-eabi/bin/../lib/gcc/arm-none-eabi/10.3.1/thumb/v7e-m/nofp/libgcc.a(_aeabi_uldivmod.o)
                0x00000000080101ec                __aeabi_uldivmod
 .text          0x000000000801021c      0x2d0 /opt/gcc-arm-none-eabi/bin/../lib/gcc/arm-none-eabi/10.3.1/thumb/v7e-m/nofp/libgcc.a(_udivmoddi4.o)
                0x000000000801021c                __udivmoddi4
 .text          0x00000000080104ec        0x4 /opt/gcc-arm-none-eabi/bin/../lib/gcc/arm-none-eabi/10.3.1/thumb/v7e-m/nofp/libgcc.a(_dvmd_tls.o)
                0x00000000080104ec                __aeabi_ldiv0
                0x00000000080104ec                __aeabi_idiv0
 *(.text*)
 .text.MX_GPIO_Init
                0x00000000080104f0       0x90 CMakeFiles/IAPAPP.elf.dir/Core/Src/gpio.c.obj
                0x00000000080104f0                MX_GPIO_Init
 .text.Error_Handler
                0x0000000008010580        0x4 CMakeFiles/IAPAPP.elf.dir/Core/Src/main.c.obj
                0x0000000008010580                Error_Handler
 .text.SystemClock_Config
                0x0000000008010584       0xb4 CMakeFiles/IAPAPP.elf.dir/Core/Src/main.c.obj
                0x0000000008010584                SystemClock_Config
 .text.main     0x0000000008010638       0x3c CMakeFiles/IAPAPP.elf.dir/Core/Src/main.c.obj
                0x0000000008010638                main
 .text.HAL_MspInit
                0x0000000008010674       0x38 CMakeFiles/IAPAPP.elf.dir/Core/Src/stm32f4xx_hal_msp.c.obj
                0x0000000008010674                HAL_MspInit
 .text.NMI_Handler
                0x00000000080106ac        0x2 CMakeFiles/IAPAPP.elf.dir/Core/Src/stm32f4xx_it.c.obj
                0x00000000080106ac                NMI_Handler
 .text.HardFault_Handler
                0x00000000080106ae        0x2 CMakeFiles/IAPAPP.elf.dir/Core/Src/stm32f4xx_it.c.obj
                0x00000000080106ae                HardFault_Handler
 .text.MemManage_Handler
                0x00000000080106b0        0x2 CMakeFiles/IAPAPP.elf.dir/Core/Src/stm32f4xx_it.c.obj
                0x00000000080106b0                MemManage_Handler
 .text.BusFault_Handler
                0x00000000080106b2        0x2 CMakeFiles/IAPAPP.elf.dir/Core/Src/stm32f4xx_it.c.obj
                0x00000000080106b2                BusFault_Handler
 .text.UsageFault_Handler
                0x00000000080106b4        0x2 CMakeFiles/IAPAPP.elf.dir/Core/Src/stm32f4xx_it.c.obj
                0x00000000080106b4                UsageFault_Handler
 .text.SVC_Handler
                0x00000000080106b6        0x2 CMakeFiles/IAPAPP.elf.dir/Core/Src/stm32f4xx_it.c.obj
                0x00000000080106b6                SVC_Handler
 .text.DebugMon_Handler
                0x00000000080106b8        0x2 CMakeFiles/IAPAPP.elf.dir/Core/Src/stm32f4xx_it.c.obj
                0x00000000080106b8                DebugMon_Handler
 .text.PendSV_Handler
                0x00000000080106ba        0x2 CMakeFiles/IAPAPP.elf.dir/Core/Src/stm32f4xx_it.c.obj
                0x00000000080106ba                PendSV_Handler
 .text.SysTick_Handler
                0x00000000080106bc        0x8 CMakeFiles/IAPAPP.elf.dir/Core/Src/stm32f4xx_it.c.obj
                0x00000000080106bc                SysTick_Handler
 .text.SystemInit
                0x00000000080106c4       0x10 CMakeFiles/IAPAPP.elf.dir/Core/Src/system_stm32f4xx.c.obj
                0x00000000080106c4                SystemInit
 .text.Reset_Handler
                0x00000000080106d4       0x50 CMakeFiles/IAPAPP.elf.dir/Core/Startup/startup_stm32f429igtx.s.obj
                0x00000000080106d4                Reset_Handler
 .text.Default_Handler
                0x0000000008010724        0x2 CMakeFiles/IAPAPP.elf.dir/Core/Startup/startup_stm32f429igtx.s.obj
                0x0000000008010724                RTC_Alarm_IRQHandler
                0x0000000008010724                HASH_RNG_IRQHandler
                0x0000000008010724                EXTI2_IRQHandler
                0x0000000008010724                TIM8_CC_IRQHandler
                0x0000000008010724                UART8_IRQHandler
                0x0000000008010724                SPI4_IRQHandler
                0x0000000008010724                TIM1_CC_IRQHandler
                0x0000000008010724                DMA2_Stream5_IRQHandler
                0x0000000008010724                DMA1_Stream5_IRQHandler
                0x0000000008010724                PVD_IRQHandler
                0x0000000008010724                SDIO_IRQHandler
                0x0000000008010724                TAMP_STAMP_IRQHandler
                0x0000000008010724                CAN2_RX1_IRQHandler
                0x0000000008010724                EXTI3_IRQHandler
                0x0000000008010724                TIM8_TRG_COM_TIM14_IRQHandler
                0x0000000008010724                TIM1_UP_TIM10_IRQHandler
                0x0000000008010724                TIM8_UP_TIM13_IRQHandler
                0x0000000008010724                I2C3_ER_IRQHandler
                0x0000000008010724                EXTI0_IRQHandler
                0x0000000008010724                I2C2_EV_IRQHandler
                0x0000000008010724                DMA1_Stream2_IRQHandler
                0x0000000008010724                CAN1_RX0_IRQHandler
                0x0000000008010724                FPU_IRQHandler
                0x0000000008010724                OTG_HS_WKUP_IRQHandler
                0x0000000008010724                LTDC_ER_IRQHandler
                0x0000000008010724                CAN2_SCE_IRQHandler
                0x0000000008010724                DMA2_Stream2_IRQHandler
                0x0000000008010724                SPI1_IRQHandler
                0x0000000008010724                TIM6_DAC_IRQHandler
                0x0000000008010724                TIM1_BRK_TIM9_IRQHandler
                0x0000000008010724                DCMI_IRQHandler
                0x0000000008010724                CAN2_RX0_IRQHandler
                0x0000000008010724                DMA2_Stream3_IRQHandler
                0x0000000008010724                USART6_IRQHandler
                0x0000000008010724                USART3_IRQHandler
                0x0000000008010724                CAN1_RX1_IRQHandler
                0x0000000008010724                UART5_IRQHandler
                0x0000000008010724                DMA2_Stream0_IRQHandler
                0x0000000008010724                TIM4_IRQHandler
                0x0000000008010724                I2C1_EV_IRQHandler
                0x0000000008010724                DMA1_Stream6_IRQHandler
                0x0000000008010724                DMA1_Stream1_IRQHandler
                0x0000000008010724                UART4_IRQHandler
                0x0000000008010724                TIM3_IRQHandler
                0x0000000008010724                RCC_IRQHandler
                0x0000000008010724                TIM8_BRK_TIM12_IRQHandler
                0x0000000008010724                Default_Handler
                0x0000000008010724                EXTI15_10_IRQHandler
                0x0000000008010724                ADC_IRQHandler
                0x0000000008010724                DMA1_Stream7_IRQHandler
                0x0000000008010724                SPI5_IRQHandler
                0x0000000008010724                TIM7_IRQHandler
                0x0000000008010724                CAN2_TX_IRQHandler
                0x0000000008010724                TIM5_IRQHandler
                0x0000000008010724                DMA2_Stream7_IRQHandler
                0x0000000008010724                I2C3_EV_IRQHandler
                0x0000000008010724                EXTI9_5_IRQHandler
                0x0000000008010724                RTC_WKUP_IRQHandler
                0x0000000008010724                LTDC_IRQHandler
                0x0000000008010724                ETH_WKUP_IRQHandler
                0x0000000008010724                SPI2_IRQHandler
                0x0000000008010724                OTG_HS_EP1_IN_IRQHandler
                0x0000000008010724                DMA1_Stream0_IRQHandler
                0x0000000008010724                CAN1_TX_IRQHandler
                0x0000000008010724                EXTI4_IRQHandler
                0x0000000008010724                ETH_IRQHandler
                0x0000000008010724                OTG_HS_EP1_OUT_IRQHandler
                0x0000000008010724                WWDG_IRQHandler
                0x0000000008010724                SPI6_IRQHandler
                0x0000000008010724                TIM2_IRQHandler
                0x0000000008010724                OTG_FS_WKUP_IRQHandler
                0x0000000008010724                TIM1_TRG_COM_TIM11_IRQHandler
                0x0000000008010724                OTG_HS_IRQHandler
                0x0000000008010724                DMA2D_IRQHandler
                0x0000000008010724                EXTI1_IRQHandler
                0x0000000008010724                UART7_IRQHandler
                0x0000000008010724                USART2_IRQHandler
                0x0000000008010724                I2C2_ER_IRQHandler
                0x0000000008010724                DMA2_Stream1_IRQHandler
                0x0000000008010724                CAN1_SCE_IRQHandler
                0x0000000008010724                FLASH_IRQHandler
                0x0000000008010724                DMA2_Stream4_IRQHandler
                0x0000000008010724                USART1_IRQHandler
                0x0000000008010724                OTG_FS_IRQHandler
                0x0000000008010724                SPI3_IRQHandler
                0x0000000008010724                DMA1_Stream4_IRQHandler
                0x0000000008010724                I2C1_ER_IRQHandler
                0x0000000008010724                FMC_IRQHandler
                0x0000000008010724                DMA2_Stream6_IRQHandler
                0x0000000008010724                SAI1_IRQHandler
                0x0000000008010724                DMA1_Stream3_IRQHandler
 *fill*         0x0000000008010726        0x2 
 .text.HAL_InitTick
                0x0000000008010728       0x4c CMakeFiles/IAPAPP.elf.dir/Drivers/STM32F4xx_HAL_Driver/Src/stm32f4xx_hal.c.obj
                0x0000000008010728                HAL_InitTick
 .text.HAL_Init
                0x0000000008010774       0x34 CMakeFiles/IAPAPP.elf.dir/Drivers/STM32F4xx_HAL_Driver/Src/stm32f4xx_hal.c.obj
                0x0000000008010774                HAL_Init
 .text.HAL_IncTick
                0x00000000080107a8       0x18 CMakeFiles/IAPAPP.elf.dir/Drivers/STM32F4xx_HAL_Driver/Src/stm32f4xx_hal.c.obj
                0x00000000080107a8                HAL_IncTick
 .text.HAL_GetTick
                0x00000000080107c0        0xc CMakeFiles/IAPAPP.elf.dir/Drivers/STM32F4xx_HAL_Driver/Src/stm32f4xx_hal.c.obj
                0x00000000080107c0                HAL_GetTick
 .text.HAL_Delay
                0x00000000080107cc       0x28 CMakeFiles/IAPAPP.elf.dir/Drivers/STM32F4xx_HAL_Driver/Src/stm32f4xx_hal.c.obj
                0x00000000080107cc                HAL_Delay
 .text.HAL_NVIC_SetPriorityGrouping
                0x00000000080107f4       0x24 CMakeFiles/IAPAPP.elf.dir/Drivers/STM32F4xx_HAL_Driver/Src/stm32f4xx_hal_cortex.c.obj
                0x00000000080107f4                HAL_NVIC_SetPriorityGrouping
 .text.HAL_NVIC_SetPriority
                0x0000000008010818       0x70 CMakeFiles/IAPAPP.elf.dir/Drivers/STM32F4xx_HAL_Driver/Src/stm32f4xx_hal_cortex.c.obj
                0x0000000008010818                HAL_NVIC_SetPriority
 .text.HAL_SYSTICK_Config
                0x0000000008010888       0x28 CMakeFiles/IAPAPP.elf.dir/Drivers/STM32F4xx_HAL_Driver/Src/stm32f4xx_hal_cortex.c.obj
                0x0000000008010888                HAL_SYSTICK_Config
 .text.HAL_GPIO_Init
                0x00000000080108b0      0x1fc CMakeFiles/IAPAPP.elf.dir/Drivers/STM32F4xx_HAL_Driver/Src/stm32f4xx_hal_gpio.c.obj
                0x00000000080108b0                HAL_GPIO_Init
 .text.HAL_GPIO_WritePin
                0x0000000008010aac        0xc CMakeFiles/IAPAPP.elf.dir/Drivers/STM32F4xx_HAL_Driver/Src/stm32f4xx_hal_gpio.c.obj
                0x0000000008010aac                HAL_GPIO_WritePin
 .text.HAL_PWREx_EnableOverDrive
                0x0000000008010ab8       0x7c CMakeFiles/IAPAPP.elf.dir/Drivers/STM32F4xx_HAL_Driver/Src/stm32f4xx_hal_pwr_ex.c.obj
                0x0000000008010ab8                HAL_PWREx_EnableOverDrive
 .text.HAL_RCC_OscConfig
                0x0000000008010b34      0x3f8 CMakeFiles/IAPAPP.elf.dir/Drivers/STM32F4xx_HAL_Driver/Src/stm32f4xx_hal_rcc.c.obj
                0x0000000008010b34                HAL_RCC_OscConfig
 .text.HAL_RCC_GetSysClockFreq
                0x0000000008010f2c       0xa4 CMakeFiles/IAPAPP.elf.dir/Drivers/STM32F4xx_HAL_Driver/Src/stm32f4xx_hal_rcc.c.obj
                0x0000000008010f2c                HAL_RCC_GetSysClockFreq
 .text.HAL_RCC_ClockConfig
                0x0000000008010fd0      0x160 CMakeFiles/IAPAPP.elf.dir/Drivers/STM32F4xx_HAL_Driver/Src/stm32f4xx_hal_rcc.c.obj
                0x0000000008010fd0                HAL_RCC_ClockConfig
 .text.__libc_init_array
                0x0000000008011130       0x48 /opt/gcc-arm-none-eabi/bin/../lib/gcc/arm-none-eabi/10.3.1/../../../../arm-none-eabi/lib/thumb/v7e-m/nofp/libg.a(lib_a-init.o)
                0x0000000008011130                __libc_init_array
 .text.memset   0x0000000008011178       0xa4 /opt/gcc-arm-none-eabi/bin/../lib/gcc/arm-none-eabi/10.3.1/../../../../arm-none-eabi/lib/thumb/v7e-m/nofp/libg.a(lib_a-memset.o)
                0x0000000008011178                memset
 .text.startup.register_fini
                0x000000000801121c       0x14 /opt/gcc-arm-none-eabi/bin/../lib/gcc/arm-none-eabi/10.3.1/../../../../arm-none-eabi/lib/thumb/v7e-m/nofp/libg.a(lib_a-__call_atexit.o)
 .text.atexit   0x0000000008011230        0xc /opt/gcc-arm-none-eabi/bin/../lib/gcc/arm-none-eabi/10.3.1/../../../../arm-none-eabi/lib/thumb/v7e-m/nofp/libg.a(lib_a-atexit.o)
                0x0000000008011230                atexit
 .text.__libc_fini_array
                0x000000000801123c       0x2c /opt/gcc-arm-none-eabi/bin/../lib/gcc/arm-none-eabi/10.3.1/../../../../arm-none-eabi/lib/thumb/v7e-m/nofp/libg.a(lib_a-fini.o)
                0x000000000801123c                __libc_fini_array
 .text.__retarget_lock_acquire_recursive
                0x0000000008011268        0x4 /opt/gcc-arm-none-eabi/bin/../lib/gcc/arm-none-eabi/10.3.1/../../../../arm-none-eabi/lib/thumb/v7e-m/nofp/libg.a(lib_a-lock.o)
                0x0000000008011268                __retarget_lock_acquire_recursive
 .text.__retarget_lock_release_recursive
                0x000000000801126c        0x4 /opt/gcc-arm-none-eabi/bin/../lib/gcc/arm-none-eabi/10.3.1/../../../../arm-none-eabi/lib/thumb/v7e-m/nofp/libg.a(lib_a-lock.o)
                0x000000000801126c                __retarget_lock_release_recursive
 .text.__register_exitproc
                0x0000000008011270       0x8c /opt/gcc-arm-none-eabi/bin/../lib/gcc/arm-none-eabi/10.3.1/../../../../arm-none-eabi/lib/thumb/v7e-m/nofp/libg.a(lib_a-__atexit.o)
                0x0000000008011270                __register_exitproc
 *(.glue_7)
 .glue_7        0x00000000080112fc        0x0 linker stubs
 *(.glue_7t)
 .glue_7t       0x00000000080112fc        0x0 linker stubs
 *(.eh_frame)
 .eh_frame      0x00000000080112fc        0x0 /opt/gcc-arm-none-eabi/bin/../lib/gcc/arm-none-eabi/10.3.1/thumb/v7e-m/nofp/crtbegin.o
 *(.init)
 .init          0x00000000080112fc        0x4 /opt/gcc-arm-none-eabi/bin/../lib/gcc/arm-none-eabi/10.3.1/thumb/v7e-m/nofp/crti.o
                0x00000000080112fc                _init
 .init          0x0000000008011300        0x8 /opt/gcc-arm-none-eabi/bin/../lib/gcc/arm-none-eabi/10.3.1/thumb/v7e-m/nofp/crtn.o
 *(.fini)
 .fini          0x0000000008011308        0x4 /opt/gcc-arm-none-eabi/bin/../lib/gcc/arm-none-eabi/10.3.1/thumb/v7e-m/nofp/crti.o
                0x0000000008011308                _fini
 .fini          0x000000000801130c        0x8 /opt/gcc-arm-none-eabi/bin/../lib/gcc/arm-none-eabi/10.3.1/thumb/v7e-m/nofp/crtn.o
                0x0000000008011314                . = ALIGN (0x4)
                0x0000000008011314                _etext = .

.vfp11_veneer   0x0000000008011314        0x0
 .vfp11_veneer  0x0000000008011314        0x0 linker stubs

.v4_bx          0x0000000008011314        0x0
 .v4_bx         0x0000000008011314        0x0 linker stubs

.iplt           0x0000000008011314        0x0
 .iplt          0x0000000008011314        0x0 /opt/gcc-arm-none-eabi/bin/../lib/gcc/arm-none-eabi/10.3.1/thumb/v7e-m/nofp/crtbegin.o

.rodata         0x0000000008011314       0x14
                0x0000000008011314                . = ALIGN (0x4)
 *(.rodata)
 *(.rodata*)
 .rodata.AHBPrescTable
                0x0000000008011314       0x10 CMakeFiles/IAPAPP.elf.dir/Core/Src/system_stm32f4xx.c.obj
                0x0000000008011314                AHBPrescTable
 .rodata._global_impure_ptr
                0x0000000008011324        0x4 /opt/gcc-arm-none-eabi/bin/../lib/gcc/arm-none-eabi/10.3.1/../../../../arm-none-eabi/lib/thumb/v7e-m/nofp/libg.a(lib_a-impure.o)
                0x0000000008011324                _global_impure_ptr
                0x0000000008011328                . = ALIGN (0x4)

.ARM.extab      0x0000000008011328        0x0
                0x0000000008011328                . = ALIGN (0x4)
 *(.ARM.extab* .gnu.linkonce.armextab.*)
                0x0000000008011328                . = ALIGN (0x4)

.ARM            0x0000000008011328        0x8
                0x0000000008011328                . = ALIGN (0x4)
                0x0000000008011328                __exidx_start = .
 *(.ARM.exidx*)
 .ARM.exidx     0x0000000008011328        0x8 /opt/gcc-arm-none-eabi/bin/../lib/gcc/arm-none-eabi/10.3.1/thumb/v7e-m/nofp/libgcc.a(_udivmoddi4.o)
                0x0000000008011330                __exidx_end = .
                0x0000000008011330                . = ALIGN (0x4)

.rel.dyn        0x0000000008011330        0x0
 .rel.iplt      0x0000000008011330        0x0 /opt/gcc-arm-none-eabi/bin/../lib/gcc/arm-none-eabi/10.3.1/thumb/v7e-m/nofp/crtbegin.o

.preinit_array  0x0000000008011330        0x0
                0x0000000008011330                . = ALIGN (0x4)
                0x0000000008011330                PROVIDE (__preinit_array_start = .)
 *(.preinit_array*)
                0x0000000008011330                PROVIDE (__preinit_array_end = .)
                0x0000000008011330                . = ALIGN (0x4)

.init_array     0x0000000008011330        0x8
                0x0000000008011330                . = ALIGN (0x4)
                0x0000000008011330                PROVIDE (__init_array_start = .)
 *(SORT_BY_NAME(.init_array.*))
 .init_array.00000
                0x0000000008011330        0x4 /opt/gcc-arm-none-eabi/bin/../lib/gcc/arm-none-eabi/10.3.1/../../../../arm-none-eabi/lib/thumb/v7e-m/nofp/libg.a(lib_a-__call_atexit.o)
 *(.init_array*)
 .init_array    0x0000000008011334        0x4 /opt/gcc-arm-none-eabi/bin/../lib/gcc/arm-none-eabi/10.3.1/thumb/v7e-m/nofp/crtbegin.o
                0x0000000008011338                PROVIDE (__init_array_end = .)
                0x0000000008011338                . = ALIGN (0x4)

.fini_array     0x0000000008011338        0x4
                0x0000000008011338                . = ALIGN (0x4)
                0x0000000008011338                PROVIDE (__fini_array_start = .)
 *(SORT_BY_NAME(.fini_array.*))
 *(.fini_array*)
 .fini_array    0x0000000008011338        0x4 /opt/gcc-arm-none-eabi/bin/../lib/gcc/arm-none-eabi/10.3.1/thumb/v7e-m/nofp/crtbegin.o
                0x000000000801133c                PROVIDE (__fini_array_end = .)
                0x000000000801133c                . = ALIGN (0x4)
                0x000000000801133c                _sidata = LOADADDR (.data)

.data           0x0000000020000000      0x43c load address 0x000000000801133c
                0x0000000020000000                . = ALIGN (0x4)
                0x0000000020000000                _sdata = .
 *(.data)
 *(.data*)
 .data.SystemCoreClock
                0x0000000020000000        0x4 CMakeFiles/IAPAPP.elf.dir/Core/Src/system_stm32f4xx.c.obj
                0x0000000020000000                SystemCoreClock
 .data.uwTickFreq
                0x0000000020000004        0x1 CMakeFiles/IAPAPP.elf.dir/Drivers/STM32F4xx_HAL_Driver/Src/stm32f4xx_hal.c.obj
                0x0000000020000004                uwTickFreq
 *fill*         0x0000000020000005        0x3 
 .data.uwTickPrio
                0x0000000020000008        0x4 CMakeFiles/IAPAPP.elf.dir/Drivers/STM32F4xx_HAL_Driver/Src/stm32f4xx_hal.c.obj
                0x0000000020000008                uwTickPrio
 *fill*         0x000000002000000c        0x4 
 .data.impure_data
                0x0000000020000010      0x428 /opt/gcc-arm-none-eabi/bin/../lib/gcc/arm-none-eabi/10.3.1/../../../../arm-none-eabi/lib/thumb/v7e-m/nofp/libg.a(lib_a-impure.o)
 .data.__atexit_recursive_mutex
                0x0000000020000438        0x4 /opt/gcc-arm-none-eabi/bin/../lib/gcc/arm-none-eabi/10.3.1/../../../../arm-none-eabi/lib/thumb/v7e-m/nofp/libg.a(lib_a-__call_atexit.o)
                0x0000000020000438                __atexit_recursive_mutex
 *(.RamFunc)
 *(.RamFunc*)
                0x000000002000043c                . = ALIGN (0x4)
                0x000000002000043c                _edata = .
                0x0000000008011778                _siccmram = LOADADDR (.ccmram)

.igot.plt       0x000000002000043c        0x0 load address 0x0000000008011778
 .igot.plt      0x000000002000043c        0x0 /opt/gcc-arm-none-eabi/bin/../lib/gcc/arm-none-eabi/10.3.1/thumb/v7e-m/nofp/crtbegin.o

.ccmram         0x0000000010000000        0x0 load address 0x0000000008011778
                0x0000000010000000                . = ALIGN (0x4)
                0x0000000010000000                _sccmram = .
 *(.ccmram)
 *(.ccmram*)
                0x0000000010000000                . = ALIGN (0x4)
                0x0000000010000000                _eccmram = .
                0x0000000010000000                . = ALIGN (0x4)

.bss            0x000000002000043c       0x24
                0x000000002000043c                _sbss = .
                0x000000002000043c                __bss_start__ = _sbss
 *(.bss)
 .bss           0x000000002000043c       0x1c /opt/gcc-arm-none-eabi/bin/../lib/gcc/arm-none-eabi/10.3.1/thumb/v7e-m/nofp/crtbegin.o
 *(.bss*)
 .bss.uwTick    0x0000000020000458        0x4 CMakeFiles/IAPAPP.elf.dir/Drivers/STM32F4xx_HAL_Driver/Src/stm32f4xx_hal.c.obj
                0x0000000020000458                uwTick
 .bss.__lock___atexit_recursive_mutex
                0x000000002000045c        0x1 /opt/gcc-arm-none-eabi/bin/../lib/gcc/arm-none-eabi/10.3.1/../../../../arm-none-eabi/lib/thumb/v7e-m/nofp/libg.a(lib_a-lock.o)
                0x000000002000045c                __lock___atexit_recursive_mutex
 *(COMMON)
                0x0000000020000460                . = ALIGN (0x4)
 *fill*         0x000000002000045d        0x3 
                0x0000000020000460                _ebss = .
                0x0000000020000460                __bss_end__ = _ebss

._user_heap_stack
                0x0000000020000460      0x600
                0x0000000020000460                . = ALIGN (0x8)
                [!provide]                        PROVIDE (end = .)
                0x0000000020000460                PROVIDE (_end = .)
                0x0000000020000660                . = (. + _Min_Heap_Size)
 *fill*         0x0000000020000460      0x200 
                0x0000000020000a60                . = (. + _Min_Stack_Size)
 *fill*         0x0000000020000660      0x400 
                0x0000000020000a60                . = ALIGN (0x8)

/DISCARD/
 libc.a(*)
 libm.a(*)
 libgcc.a(*)

.ARM.attributes
                0x0000000000000000       0x2a
 *(.ARM.attributes)
 .ARM.attributes
                0x0000000000000000       0x1e /opt/gcc-arm-none-eabi/bin/../lib/gcc/arm-none-eabi/10.3.1/thumb/v7e-m/nofp/crti.o
 .ARM.attributes
                0x000000000000001e       0x2e /opt/gcc-arm-none-eabi/bin/../lib/gcc/arm-none-eabi/10.3.1/thumb/v7e-m/nofp/crtbegin.o
 .ARM.attributes
                0x000000000000004c       0x2e CMakeFiles/IAPAPP.elf.dir/Core/Src/gpio.c.obj
 .ARM.attributes
                0x000000000000007a       0x2e CMakeFiles/IAPAPP.elf.dir/Core/Src/main.c.obj
 .ARM.attributes
                0x00000000000000a8       0x2e CMakeFiles/IAPAPP.elf.dir/Core/Src/stm32f4xx_hal_msp.c.obj
 .ARM.attributes
                0x00000000000000d6       0x2e CMakeFiles/IAPAPP.elf.dir/Core/Src/stm32f4xx_it.c.obj
 .ARM.attributes
                0x0000000000000104       0x2e CMakeFiles/IAPAPP.elf.dir/Core/Src/system_stm32f4xx.c.obj
 .ARM.attributes
                0x0000000000000132       0x21 CMakeFiles/IAPAPP.elf.dir/Core/Startup/startup_stm32f429igtx.s.obj
 .ARM.attributes
                0x0000000000000153       0x2e CMakeFiles/IAPAPP.elf.dir/Drivers/STM32F4xx_HAL_Driver/Src/stm32f4xx_hal.c.obj
 .ARM.attributes
                0x0000000000000181       0x2e CMakeFiles/IAPAPP.elf.dir/Drivers/STM32F4xx_HAL_Driver/Src/stm32f4xx_hal_cortex.c.obj
 .ARM.attributes
                0x00000000000001af       0x2e CMakeFiles/IAPAPP.elf.dir/Drivers/STM32F4xx_HAL_Driver/Src/stm32f4xx_hal_gpio.c.obj
 .ARM.attributes
                0x00000000000001dd       0x2e CMakeFiles/IAPAPP.elf.dir/Drivers/STM32F4xx_HAL_Driver/Src/stm32f4xx_hal_pwr_ex.c.obj
 .ARM.attributes
                0x000000000000020b       0x2e CMakeFiles/IAPAPP.elf.dir/Drivers/STM32F4xx_HAL_Driver/Src/stm32f4xx_hal_rcc.c.obj
 .ARM.attributes
                0x0000000000000239       0x1e /opt/gcc-arm-none-eabi/bin/../lib/gcc/arm-none-eabi/10.3.1/thumb/v7e-m/nofp/libgcc.a(_aeabi_uldivmod.o)
 .ARM.attributes
                0x0000000000000257       0x2e /opt/gcc-arm-none-eabi/bin/../lib/gcc/arm-none-eabi/10.3.1/thumb/v7e-m/nofp/libgcc.a(_udivmoddi4.o)
 .ARM.attributes
                0x0000000000000285       0x1e /opt/gcc-arm-none-eabi/bin/../lib/gcc/arm-none-eabi/10.3.1/thumb/v7e-m/nofp/libgcc.a(_dvmd_tls.o)
 .ARM.attributes
                0x00000000000002a3       0x2e /opt/gcc-arm-none-eabi/bin/../lib/gcc/arm-none-eabi/10.3.1/../../../../arm-none-eabi/lib/thumb/v7e-m/nofp/libg.a(lib_a-impure.o)
 .ARM.attributes
                0x00000000000002d1       0x2e /opt/gcc-arm-none-eabi/bin/../lib/gcc/arm-none-eabi/10.3.1/../../../../arm-none-eabi/lib/thumb/v7e-m/nofp/libg.a(lib_a-init.o)
 .ARM.attributes
                0x00000000000002ff       0x2e /opt/gcc-arm-none-eabi/bin/../lib/gcc/arm-none-eabi/10.3.1/../../../../arm-none-eabi/lib/thumb/v7e-m/nofp/libg.a(lib_a-memset.o)
 .ARM.attributes
                0x000000000000032d       0x2e /opt/gcc-arm-none-eabi/bin/../lib/gcc/arm-none-eabi/10.3.1/../../../../arm-none-eabi/lib/thumb/v7e-m/nofp/libg.a(lib_a-__call_atexit.o)
 .ARM.attributes
                0x000000000000035b       0x2e /opt/gcc-arm-none-eabi/bin/../lib/gcc/arm-none-eabi/10.3.1/../../../../arm-none-eabi/lib/thumb/v7e-m/nofp/libg.a(lib_a-atexit.o)
 .ARM.attributes
                0x0000000000000389       0x2e /opt/gcc-arm-none-eabi/bin/../lib/gcc/arm-none-eabi/10.3.1/../../../../arm-none-eabi/lib/thumb/v7e-m/nofp/libg.a(lib_a-fini.o)
 .ARM.attributes
                0x00000000000003b7       0x2e /opt/gcc-arm-none-eabi/bin/../lib/gcc/arm-none-eabi/10.3.1/../../../../arm-none-eabi/lib/thumb/v7e-m/nofp/libg.a(lib_a-lock.o)
 .ARM.attributes
                0x00000000000003e5       0x2e /opt/gcc-arm-none-eabi/bin/../lib/gcc/arm-none-eabi/10.3.1/../../../../arm-none-eabi/lib/thumb/v7e-m/nofp/libg.a(lib_a-__atexit.o)
 .ARM.attributes
                0x0000000000000413       0x1e /opt/gcc-arm-none-eabi/bin/../lib/gcc/arm-none-eabi/10.3.1/thumb/v7e-m/nofp/crtn.o
OUTPUT(IAPAPP.elf elf32-littlearm)
LOAD linker stubs
LOAD /opt/gcc-arm-none-eabi/bin/../lib/gcc/arm-none-eabi/10.3.1/../../../../arm-none-eabi/lib/thumb/v7e-m/nofp/libc.a
LOAD /opt/gcc-arm-none-eabi/bin/../lib/gcc/arm-none-eabi/10.3.1/../../../../arm-none-eabi/lib/thumb/v7e-m/nofp/libm.a
LOAD /opt/gcc-arm-none-eabi/bin/../lib/gcc/arm-none-eabi/10.3.1/thumb/v7e-m/nofp/libgcc.a

.debug_info     0x0000000000000000     0x4ad7
 .debug_info    0x0000000000000000      0x492 CMakeFiles/IAPAPP.elf.dir/Core/Src/gpio.c.obj
 .debug_info    0x0000000000000492      0x704 CMakeFiles/IAPAPP.elf.dir/Core/Src/main.c.obj
 .debug_info    0x0000000000000b96      0x2c0 CMakeFiles/IAPAPP.elf.dir/Core/Src/stm32f4xx_hal_msp.c.obj
 .debug_info    0x0000000000000e56      0x12f CMakeFiles/IAPAPP.elf.dir/Core/Src/stm32f4xx_it.c.obj
 .debug_info    0x0000000000000f85      0x554 CMakeFiles/IAPAPP.elf.dir/Core/Src/system_stm32f4xx.c.obj
 .debug_info    0x00000000000014d9       0x22 CMakeFiles/IAPAPP.elf.dir/Core/Startup/startup_stm32f429igtx.s.obj
 .debug_info    0x00000000000014fb      0xa68 CMakeFiles/IAPAPP.elf.dir/Drivers/STM32F4xx_HAL_Driver/Src/stm32f4xx_hal.c.obj
 .debug_info    0x0000000000001f63     0x10ce CMakeFiles/IAPAPP.elf.dir/Drivers/STM32F4xx_HAL_Driver/Src/stm32f4xx_hal_cortex.c.obj
 .debug_info    0x0000000000003031      0x7cc CMakeFiles/IAPAPP.elf.dir/Drivers/STM32F4xx_HAL_Driver/Src/stm32f4xx_hal_gpio.c.obj
 .debug_info    0x00000000000037fd      0x7bb CMakeFiles/IAPAPP.elf.dir/Drivers/STM32F4xx_HAL_Driver/Src/stm32f4xx_hal_pwr_ex.c.obj
 .debug_info    0x0000000000003fb8      0xb1f CMakeFiles/IAPAPP.elf.dir/Drivers/STM32F4xx_HAL_Driver/Src/stm32f4xx_hal_rcc.c.obj

.debug_abbrev   0x0000000000000000     0x1133
 .debug_abbrev  0x0000000000000000      0x14e CMakeFiles/IAPAPP.elf.dir/Core/Src/gpio.c.obj
 .debug_abbrev  0x000000000000014e      0x1c2 CMakeFiles/IAPAPP.elf.dir/Core/Src/main.c.obj
 .debug_abbrev  0x0000000000000310       0xd1 CMakeFiles/IAPAPP.elf.dir/Core/Src/stm32f4xx_hal_msp.c.obj
 .debug_abbrev  0x00000000000003e1       0x7e CMakeFiles/IAPAPP.elf.dir/Core/Src/stm32f4xx_it.c.obj
 .debug_abbrev  0x000000000000045f      0x119 CMakeFiles/IAPAPP.elf.dir/Core/Src/system_stm32f4xx.c.obj
 .debug_abbrev  0x0000000000000578       0x12 CMakeFiles/IAPAPP.elf.dir/Core/Startup/startup_stm32f429igtx.s.obj
 .debug_abbrev  0x000000000000058a      0x206 CMakeFiles/IAPAPP.elf.dir/Drivers/STM32F4xx_HAL_Driver/Src/stm32f4xx_hal.c.obj
 .debug_abbrev  0x0000000000000790      0x36a CMakeFiles/IAPAPP.elf.dir/Drivers/STM32F4xx_HAL_Driver/Src/stm32f4xx_hal_cortex.c.obj
 .debug_abbrev  0x0000000000000afa      0x1ef CMakeFiles/IAPAPP.elf.dir/Drivers/STM32F4xx_HAL_Driver/Src/stm32f4xx_hal_gpio.c.obj
 .debug_abbrev  0x0000000000000ce9      0x1c0 CMakeFiles/IAPAPP.elf.dir/Drivers/STM32F4xx_HAL_Driver/Src/stm32f4xx_hal_pwr_ex.c.obj
 .debug_abbrev  0x0000000000000ea9      0x28a CMakeFiles/IAPAPP.elf.dir/Drivers/STM32F4xx_HAL_Driver/Src/stm32f4xx_hal_rcc.c.obj

.debug_aranges  0x0000000000000000      0x408
 .debug_aranges
                0x0000000000000000       0x20 CMakeFiles/IAPAPP.elf.dir/Core/Src/gpio.c.obj
 .debug_aranges
                0x0000000000000020       0x30 CMakeFiles/IAPAPP.elf.dir/Core/Src/main.c.obj
 .debug_aranges
                0x0000000000000050       0x20 CMakeFiles/IAPAPP.elf.dir/Core/Src/stm32f4xx_hal_msp.c.obj
 .debug_aranges
                0x0000000000000070       0x60 CMakeFiles/IAPAPP.elf.dir/Core/Src/stm32f4xx_it.c.obj
 .debug_aranges
                0x00000000000000d0       0x28 CMakeFiles/IAPAPP.elf.dir/Core/Src/system_stm32f4xx.c.obj
 .debug_aranges
                0x00000000000000f8       0x28 CMakeFiles/IAPAPP.elf.dir/Core/Startup/startup_stm32f429igtx.s.obj
 .debug_aranges
                0x0000000000000120      0x100 CMakeFiles/IAPAPP.elf.dir/Drivers/STM32F4xx_HAL_Driver/Src/stm32f4xx_hal.c.obj
 .debug_aranges
                0x0000000000000220       0xa8 CMakeFiles/IAPAPP.elf.dir/Drivers/STM32F4xx_HAL_Driver/Src/stm32f4xx_hal_cortex.c.obj
 .debug_aranges
                0x00000000000002c8       0x58 CMakeFiles/IAPAPP.elf.dir/Drivers/STM32F4xx_HAL_Driver/Src/stm32f4xx_hal_gpio.c.obj
 .debug_aranges
                0x0000000000000320       0x60 CMakeFiles/IAPAPP.elf.dir/Drivers/STM32F4xx_HAL_Driver/Src/stm32f4xx_hal_pwr_ex.c.obj
 .debug_aranges
                0x0000000000000380       0x88 CMakeFiles/IAPAPP.elf.dir/Drivers/STM32F4xx_HAL_Driver/Src/stm32f4xx_hal_rcc.c.obj

.debug_ranges   0x0000000000000000      0x3d8
 .debug_ranges  0x0000000000000000       0x10 CMakeFiles/IAPAPP.elf.dir/Core/Src/gpio.c.obj
 .debug_ranges  0x0000000000000010       0x20 CMakeFiles/IAPAPP.elf.dir/Core/Src/main.c.obj
 .debug_ranges  0x0000000000000030       0x10 CMakeFiles/IAPAPP.elf.dir/Core/Src/stm32f4xx_hal_msp.c.obj
 .debug_ranges  0x0000000000000040       0x50 CMakeFiles/IAPAPP.elf.dir/Core/Src/stm32f4xx_it.c.obj
 .debug_ranges  0x0000000000000090       0x18 CMakeFiles/IAPAPP.elf.dir/Core/Src/system_stm32f4xx.c.obj
 .debug_ranges  0x00000000000000a8       0x20 CMakeFiles/IAPAPP.elf.dir/Core/Startup/startup_stm32f429igtx.s.obj
 .debug_ranges  0x00000000000000c8       0xf0 CMakeFiles/IAPAPP.elf.dir/Drivers/STM32F4xx_HAL_Driver/Src/stm32f4xx_hal.c.obj
 .debug_ranges  0x00000000000001b8       0xf8 CMakeFiles/IAPAPP.elf.dir/Drivers/STM32F4xx_HAL_Driver/Src/stm32f4xx_hal_cortex.c.obj
 .debug_ranges  0x00000000000002b0       0x48 CMakeFiles/IAPAPP.elf.dir/Drivers/STM32F4xx_HAL_Driver/Src/stm32f4xx_hal_gpio.c.obj
 .debug_ranges  0x00000000000002f8       0x50 CMakeFiles/IAPAPP.elf.dir/Drivers/STM32F4xx_HAL_Driver/Src/stm32f4xx_hal_pwr_ex.c.obj
 .debug_ranges  0x0000000000000348       0x90 CMakeFiles/IAPAPP.elf.dir/Drivers/STM32F4xx_HAL_Driver/Src/stm32f4xx_hal_rcc.c.obj

.debug_line     0x0000000000000000     0x2f30
 .debug_line    0x0000000000000000      0x1c0 CMakeFiles/IAPAPP.elf.dir/Core/Src/gpio.c.obj
 .debug_line    0x00000000000001c0      0x37d CMakeFiles/IAPAPP.elf.dir/Core/Src/main.c.obj
 .debug_line    0x000000000000053d      0x14b CMakeFiles/IAPAPP.elf.dir/Core/Src/stm32f4xx_hal_msp.c.obj
 .debug_line    0x0000000000000688      0x19f CMakeFiles/IAPAPP.elf.dir/Core/Src/stm32f4xx_it.c.obj
 .debug_line    0x0000000000000827      0x254 CMakeFiles/IAPAPP.elf.dir/Core/Src/system_stm32f4xx.c.obj
 .debug_line    0x0000000000000a7b       0x99 CMakeFiles/IAPAPP.elf.dir/Core/Startup/startup_stm32f429igtx.s.obj
 .debug_line    0x0000000000000b14      0x5b5 CMakeFiles/IAPAPP.elf.dir/Drivers/STM32F4xx_HAL_Driver/Src/stm32f4xx_hal.c.obj
 .debug_line    0x00000000000010c9      0x790 CMakeFiles/IAPAPP.elf.dir/Drivers/STM32F4xx_HAL_Driver/Src/stm32f4xx_hal_cortex.c.obj
 .debug_line    0x0000000000001859      0x6fa CMakeFiles/IAPAPP.elf.dir/Drivers/STM32F4xx_HAL_Driver/Src/stm32f4xx_hal_gpio.c.obj
 .debug_line    0x0000000000001f53      0x4ca CMakeFiles/IAPAPP.elf.dir/Drivers/STM32F4xx_HAL_Driver/Src/stm32f4xx_hal_pwr_ex.c.obj
 .debug_line    0x000000000000241d      0xb13 CMakeFiles/IAPAPP.elf.dir/Drivers/STM32F4xx_HAL_Driver/Src/stm32f4xx_hal_rcc.c.obj

.debug_str      0x0000000000000000     0x1958
 .debug_str     0x0000000000000000      0x343 CMakeFiles/IAPAPP.elf.dir/Core/Src/gpio.c.obj
                                        0x393 (size before relaxing)
 .debug_str     0x0000000000000343      0x206 CMakeFiles/IAPAPP.elf.dir/Core/Src/main.c.obj
                                        0x53b (size before relaxing)
 .debug_str     0x0000000000000549       0x3d CMakeFiles/IAPAPP.elf.dir/Core/Src/stm32f4xx_hal_msp.c.obj
                                        0x2e2 (size before relaxing)
 .debug_str     0x0000000000000586       0xc8 CMakeFiles/IAPAPP.elf.dir/Core/Src/stm32f4xx_it.c.obj
                                        0x243 (size before relaxing)
 .debug_str     0x000000000000064e       0xec CMakeFiles/IAPAPP.elf.dir/Core/Src/system_stm32f4xx.c.obj
                                        0x39c (size before relaxing)
 .debug_str     0x000000000000073a       0x47 CMakeFiles/IAPAPP.elf.dir/Core/Startup/startup_stm32f429igtx.s.obj
                                         0x6d (size before relaxing)
 .debug_str     0x0000000000000781      0x90a CMakeFiles/IAPAPP.elf.dir/Drivers/STM32F4xx_HAL_Driver/Src/stm32f4xx_hal.c.obj
                                        0xc20 (size before relaxing)
 .debug_str     0x000000000000108b      0x480 CMakeFiles/IAPAPP.elf.dir/Drivers/STM32F4xx_HAL_Driver/Src/stm32f4xx_hal_cortex.c.obj
                                        0xca4 (size before relaxing)
 .debug_str     0x000000000000150b      0x149 CMakeFiles/IAPAPP.elf.dir/Drivers/STM32F4xx_HAL_Driver/Src/stm32f4xx_hal_gpio.c.obj
                                        0x507 (size before relaxing)
 .debug_str     0x0000000000001654      0x14f CMakeFiles/IAPAPP.elf.dir/Drivers/STM32F4xx_HAL_Driver/Src/stm32f4xx_hal_pwr_ex.c.obj
                                        0x4f2 (size before relaxing)
 .debug_str     0x00000000000017a3      0x1b5 CMakeFiles/IAPAPP.elf.dir/Drivers/STM32F4xx_HAL_Driver/Src/stm32f4xx_hal_rcc.c.obj
                                        0x72d (size before relaxing)

.comment        0x0000000000000000       0x49
 .comment       0x0000000000000000       0x49 CMakeFiles/IAPAPP.elf.dir/Core/Src/gpio.c.obj
                                         0x4a (size before relaxing)
 .comment       0x0000000000000049       0x4a CMakeFiles/IAPAPP.elf.dir/Core/Src/main.c.obj
 .comment       0x0000000000000049       0x4a CMakeFiles/IAPAPP.elf.dir/Core/Src/stm32f4xx_hal_msp.c.obj
 .comment       0x0000000000000049       0x4a CMakeFiles/IAPAPP.elf.dir/Core/Src/stm32f4xx_it.c.obj
 .comment       0x0000000000000049       0x4a CMakeFiles/IAPAPP.elf.dir/Core/Src/system_stm32f4xx.c.obj
 .comment       0x0000000000000049       0x4a CMakeFiles/IAPAPP.elf.dir/Drivers/STM32F4xx_HAL_Driver/Src/stm32f4xx_hal.c.obj
 .comment       0x0000000000000049       0x4a CMakeFiles/IAPAPP.elf.dir/Drivers/STM32F4xx_HAL_Driver/Src/stm32f4xx_hal_cortex.c.obj
 .comment       0x0000000000000049       0x4a CMakeFiles/IAPAPP.elf.dir/Drivers/STM32F4xx_HAL_Driver/Src/stm32f4xx_hal_gpio.c.obj
 .comment       0x0000000000000049       0x4a CMakeFiles/IAPAPP.elf.dir/Drivers/STM32F4xx_HAL_Driver/Src/stm32f4xx_hal_pwr_ex.c.obj
 .comment       0x0000000000000049       0x4a CMakeFiles/IAPAPP.elf.dir/Drivers/STM32F4xx_HAL_Driver/Src/stm32f4xx_hal_rcc.c.obj

.debug_frame    0x0000000000000000      0xa60
 .debug_frame   0x0000000000000000       0x30 CMakeFiles/IAPAPP.elf.dir/Core/Src/gpio.c.obj
 .debug_frame   0x0000000000000030       0x58 CMakeFiles/IAPAPP.elf.dir/Core/Src/main.c.obj
 .debug_frame   0x0000000000000088       0x28 CMakeFiles/IAPAPP.elf.dir/Core/Src/stm32f4xx_hal_msp.c.obj
 .debug_frame   0x00000000000000b0       0xa8 CMakeFiles/IAPAPP.elf.dir/Core/Src/stm32f4xx_it.c.obj
 .debug_frame   0x0000000000000158       0x30 CMakeFiles/IAPAPP.elf.dir/Core/Src/system_stm32f4xx.c.obj
 .debug_frame   0x0000000000000188      0x20c CMakeFiles/IAPAPP.elf.dir/Drivers/STM32F4xx_HAL_Driver/Src/stm32f4xx_hal.c.obj
 .debug_frame   0x0000000000000394      0x148 CMakeFiles/IAPAPP.elf.dir/Drivers/STM32F4xx_HAL_Driver/Src/stm32f4xx_hal_cortex.c.obj
 .debug_frame   0x00000000000004dc       0xd8 CMakeFiles/IAPAPP.elf.dir/Drivers/STM32F4xx_HAL_Driver/Src/stm32f4xx_hal_gpio.c.obj
 .debug_frame   0x00000000000005b4       0xf4 CMakeFiles/IAPAPP.elf.dir/Drivers/STM32F4xx_HAL_Driver/Src/stm32f4xx_hal_pwr_ex.c.obj
 .debug_frame   0x00000000000006a8      0x16c CMakeFiles/IAPAPP.elf.dir/Drivers/STM32F4xx_HAL_Driver/Src/stm32f4xx_hal_rcc.c.obj
 .debug_frame   0x0000000000000814       0x2c /opt/gcc-arm-none-eabi/bin/../lib/gcc/arm-none-eabi/10.3.1/thumb/v7e-m/nofp/libgcc.a(_aeabi_uldivmod.o)
 .debug_frame   0x0000000000000840       0x34 /opt/gcc-arm-none-eabi/bin/../lib/gcc/arm-none-eabi/10.3.1/thumb/v7e-m/nofp/libgcc.a(_udivmoddi4.o)
 .debug_frame   0x0000000000000874       0x2c /opt/gcc-arm-none-eabi/bin/../lib/gcc/arm-none-eabi/10.3.1/../../../../arm-none-eabi/lib/thumb/v7e-m/nofp/libg.a(lib_a-init.o)
 .debug_frame   0x00000000000008a0       0x2c /opt/gcc-arm-none-eabi/bin/../lib/gcc/arm-none-eabi/10.3.1/../../../../arm-none-eabi/lib/thumb/v7e-m/nofp/libg.a(lib_a-memset.o)
 .debug_frame   0x00000000000008cc       0x5c /opt/gcc-arm-none-eabi/bin/../lib/gcc/arm-none-eabi/10.3.1/../../../../arm-none-eabi/lib/thumb/v7e-m/nofp/libg.a(lib_a-__call_atexit.o)
 .debug_frame   0x0000000000000928       0x20 /opt/gcc-arm-none-eabi/bin/../lib/gcc/arm-none-eabi/10.3.1/../../../../arm-none-eabi/lib/thumb/v7e-m/nofp/libg.a(lib_a-atexit.o)
 .debug_frame   0x0000000000000948       0x34 /opt/gcc-arm-none-eabi/bin/../lib/gcc/arm-none-eabi/10.3.1/../../../../arm-none-eabi/lib/thumb/v7e-m/nofp/libg.a(lib_a-fini.o)
 .debug_frame   0x000000000000097c       0xb0 /opt/gcc-arm-none-eabi/bin/../lib/gcc/arm-none-eabi/10.3.1/../../../../arm-none-eabi/lib/thumb/v7e-m/nofp/libg.a(lib_a-lock.o)
 .debug_frame   0x0000000000000a2c       0x34 /opt/gcc-arm-none-eabi/bin/../lib/gcc/arm-none-eabi/10.3.1/../../../../arm-none-eabi/lib/thumb/v7e-m/nofp/libg.a(lib_a-__atexit.o)

.debug_loc      0x0000000000000000     0x16b1
 .debug_loc     0x0000000000000000      0x158 CMakeFiles/IAPAPP.elf.dir/Core/Src/system_stm32f4xx.c.obj
 .debug_loc     0x0000000000000158      0x141 CMakeFiles/IAPAPP.elf.dir/Drivers/STM32F4xx_HAL_Driver/Src/stm32f4xx_hal.c.obj
 .debug_loc     0x0000000000000299      0x744 CMakeFiles/IAPAPP.elf.dir/Drivers/STM32F4xx_HAL_Driver/Src/stm32f4xx_hal_cortex.c.obj
 .debug_loc     0x00000000000009dd      0x520 CMakeFiles/IAPAPP.elf.dir/Drivers/STM32F4xx_HAL_Driver/Src/stm32f4xx_hal_gpio.c.obj
 .debug_loc     0x0000000000000efd      0x228 CMakeFiles/IAPAPP.elf.dir/Drivers/STM32F4xx_HAL_Driver/Src/stm32f4xx_hal_pwr_ex.c.obj
 .debug_loc     0x0000000000001125      0x58c CMakeFiles/IAPAPP.elf.dir/Drivers/STM32F4xx_HAL_Driver/Src/stm32f4xx_hal_rcc.c.obj
